{
    "PROJ": [
        {
            "PROJ_ID": "123456",
            "PROJ_NAME": "Project_Name XYZ ",
            "PROJ_LOC": "",
            "PROJ_CLNT": "Project_Locations",
            "PROJ_CONT": "Contractor_Name",
            "PROJ_ENG": "AS"
        }
    ],
    "TRAN": [
        {
            "TRAN_ISNO": "1",
            "TRAN_DATE": "2020-01-01",
            "TRAN_PROD": "Contractor_NameÂµA",
            "TRAN_STAT": "DRAFT",
            "TRAN_DESC": "Example_Test_Results",
            "TRAN_AGS": "4.0.4",
            "TRAN_RECV": "Client_Name",
            "TRAN_DLIM": "|",
            "TRAN_RCON": "+",
            "TRAN_REM": ""
        }
    ],
    "TYPE": [
        {
            "TYPE_TYPE": "ID",
            "TYPE_DESC": "Unique Identifier"
        },
        {
            "TYPE_TYPE": "X",
            "TYPE_DESC": "Text"
        },
        {
            "TYPE_TYPE": "DT",
            "TYPE_DESC": "Date Time (ISO 8601:2004)"
        },
        {
            "TYPE_TYPE": "PA",
            "TYPE_DESC": "ABBR pick list"
        },
        {
            "TYPE_TYPE": "PT",
            "TYPE_DESC": "TYPE pick list"
        },
        {
            "TYPE_TYPE": "PU",
            "TYPE_DESC": "UNIT pick list"
        },
        {
            "TYPE_TYPE": "U",
            "TYPE_DESC": "Value with a variable format"
        },
        {
            "TYPE_TYPE": "0DP",
            "TYPE_DESC": "Value with 0 decimals"
        },
        {
            "TYPE_TYPE": "1DP",
            "TYPE_DESC": "Value with 1 decimals"
        },
        {
            "TYPE_TYPE": "2DP",
            "TYPE_DESC": "Value with 2 decimals"
        },
        {
            "TYPE_TYPE": "3DP",
            "TYPE_DESC": "Value with 3 decimals"
        },
        {
            "TYPE_TYPE": "4DP",
            "TYPE_DESC": "Value with 4 decimals"
        },
        {
            "TYPE_TYPE": "5DP",
            "TYPE_DESC": "Value with 5 decimals"
        },
        {
            "TYPE_TYPE": "1SF",
            "TYPE_DESC": "Value with 1 significant figures"
        },
        {
            "TYPE_TYPE": "2SF",
            "TYPE_DESC": "Value with 2 significant figures"
        },
        {
            "TYPE_TYPE": "3SF",
            "TYPE_DESC": "Value with 3 significant figures"
        },
        {
            "TYPE_TYPE": "2SCI",
            "TYPE_DESC": "Scientific notation with 2 decimal places"
        },
        {
            "TYPE_TYPE": "YN",
            "TYPE_DESC": "Yes or No"
        },
        {
            "TYPE_TYPE": "XN",
            "TYPE_DESC": "Text/Numeric"
        }
    ],
    "UNIT": [
        {
            "UNIT_UNIT": "yyyy-mm-dd",
            "UNIT_DESC": "year-month-day"
        },
        {
            "UNIT_UNIT": "m",
            "UNIT_DESC": "metre"
        },
        {
            "UNIT_UNIT": "s",
            "UNIT_DESC": "Second"
        },
        {
            "UNIT_UNIT": "m/s",
            "UNIT_DESC": "metres per second"
        },
        {
            "UNIT_UNIT": "mm",
            "UNIT_DESC": "millimetre"
        },
        {
            "UNIT_UNIT": "cm2",
            "UNIT_DESC": "square centimetre"
        },
        {
            "UNIT_UNIT": "adeg",
            "UNIT_DESC": "arc degree"
        },
        {
            "UNIT_UNIT": "mm/s",
            "UNIT_DESC": "millimetre per second"
        },
        {
            "UNIT_UNIT": "%",
            "UNIT_DESC": "percentage"
        },
        {
            "UNIT_UNIT": "mg/kg",
            "UNIT_DESC": "milligram per kilogram"
        },
        {
            "UNIT_UNIT": "MPa",
            "UNIT_DESC": "megapascal"
        },
        {
            "UNIT_UNIT": "Mg/m3",
            "UNIT_DESC": "megagrams per cubic metre"
        }
    ],
    "LOCA": [
        {
            "LOCA_ID": "Location_1",
            "LOCA_TYPE": "Boring",
            "LOCA_STAT": "Draft",
            "LOCA_NATE": "100000.01",
            "LOCA_NATN": "5000000.20",
            "LOCA_GREF": "",
            "LOCA_REM": "",
            "LOCA_FDEP": "50.11",
            "LOCA_STAR": "2019-01-01",
            "LOCA_PURP": "Geotechnical Investigation",
            "LOCA_TERM": "",
            "LOCA_ENDD": "2019-01-01"
        },
        {
            "LOCA_ID": "Location_2",
            "LOCA_TYPE": "Boring",
            "LOCA_STAT": "Draft",
            "LOCA_NATE": "101000.01",
            "LOCA_NATN": "5000000.20",
            "LOCA_GREF": "",
            "LOCA_REM": "",
            "LOCA_FDEP": "50.22",
            "LOCA_STAR": "2019-01-07",
            "LOCA_PURP": "Geotechnical Investigation",
            "LOCA_TERM": "",
            "LOCA_ENDD": "2019-01-07"
        },
        {
            "LOCA_ID": "Location_3",
            "LOCA_TYPE": "Boring",
            "LOCA_STAT": "Draft",
            "LOCA_NATE": "102000.01",
            "LOCA_NATN": "5000000.20",
            "LOCA_GREF": "",
            "LOCA_REM": "",
            "LOCA_FDEP": "50.33",
            "LOCA_STAR": "2019-01-14",
            "LOCA_PURP": "Geotechnical Investigation",
            "LOCA_TERM": "",
            "LOCA_ENDD": "2019-01-14"
        },
        {
            "LOCA_ID": "Location_4",
            "LOCA_TYPE": "Boring",
            "LOCA_STAT": "Draft",
            "LOCA_NATE": "103000.01",
            "LOCA_NATN": "5000000.20",
            "LOCA_GREF": "",
            "LOCA_REM": "",
            "LOCA_FDEP": "50.44",
            "LOCA_STAR": "2019-01-21",
            "LOCA_PURP": "Geotechnical Investigation",
            "LOCA_TERM": "",
            "LOCA_ENDD": "2019-01-21"
        }
    ],
    "LLPL": [
        {
            "LOCA_ID": "Location_1",
            "SAMP_TOP": "1.00",
            "SAMP_REF": "1a",
            "SAMP_TYPE": "Bag",
            "SAMP_ID": "",
            "SPEC_REF": "",
            "SPEC_DPTH": "1.05",
            "LLPL_LL": "55.1",
            "LLPL_PL": "20.3",
            "LLPL_PI": "34.8"
        },
        {
            "LOCA_ID": "Location_1",
            "SAMP_TOP": "2.00",
            "SAMP_REF": "2a",
            "SAMP_TYPE": "Bag",
            "SAMP_ID": "",
            "SPEC_REF": "",
            "SPEC_DPTH": "2.05",
            "LLPL_LL": "155.1",
            "LLPL_PL": "20.3",
            "LLPL_PI": "134.8"
        }
    ],
    "TEST": [
        {
            "LOCA_ID": "Location_1",
            "TEST_COL": "1.01"
        },
        {
            "LOCA_ID": "Location_1",
            "TEST_COL": "0.0"
        }
    ]
}