{"mode": "applied", "file_path": "/private/var/folders/yj/7kyhyl8s3ql8bb1vjwkh_8pr0000gp/T/dbt_autofix_test_project1_jeqssi9p/project1/models/example/yml_with_dupes.yml", "refactors": [{"deprecation": "DuplicateYAMLKeysDeprecation", "log": "Found duplicate keys: line 4 - duplication of key \"description\" in mapping"}]}
{"mode": "applied", "file_path": "/private/var/folders/yj/7kyhyl8s3ql8bb1vjwkh_8pr0000gp/T/dbt_autofix_test_project1_jeqssi9p/project1/models/example/yml_with_tabs.yml", "refactors": [{"deprecation": null, "log": "Found extra tabs: line 5 - column 21"}]}
{"mode": "applied", "file_path": "/private/var/folders/yj/7kyhyl8s3ql8bb1vjwkh_8pr0000gp/T/dbt_autofix_test_project1_jeqssi9p/project1/models/example/yml_with_anchors.yml", "refactors": [{"deprecation": null, "log": "Removed the extra indentation around 'version: 2' on line 1"}, {"deprecation": "CustomKeyInObjectDeprecation", "log": "Model 'my_first_dbt_model' - Field 'my_config' is not allowed, but 'config' is. Moved as-is under config.meta but you might want to rename it and move it under config."}, {"deprecation": "CustomKeyInObjectDeprecation", "log": "Column 'id' - Field 'my_config' is not allowed, but 'config' is. Moved as-is under config.meta but you might want to rename it and move it under config."}, {"deprecation": "CustomKeyInObjectDeprecation", "log": "Column 'id' - Moved all the meta fields under config.meta and merged with existing config.meta."}, {"deprecation": "CustomKeyInObjectDeprecation", "log": "Test 'not_null' - Field 'where' moved under config."}]}
{"mode": "applied", "file_path": "/private/var/folders/yj/7kyhyl8s3ql8bb1vjwkh_8pr0000gp/T/dbt_autofix_test_project1_jeqssi9p/project1/models/example/sources.yml", "refactors": [{"deprecation": null, "log": "Removed line containing only tabs on line 72"}, {"deprecation": "PropertyMovedToConfigDeprecation", "log": "Source 'my-source' - Field 'tags' moved under config."}, {"deprecation": "PropertyMovedToConfigDeprecation", "log": "Source 'my-source' - Field 'freshness' moved under config."}, {"deprecation": "CustomKeyInObjectDeprecation", "log": "Source 'my-source' - Field 'custom_property' is not an allowed config - Moved under config.meta."}, {"deprecation": "CustomKeyInObjectDeprecation", "log": "Source 'my-source' - Moved all the meta fields under config.meta and merged with existing config.meta."}, {"deprecation": "PropertyMovedToConfigDeprecation", "log": "Table 'table1' - Field 'loaded_at_field' moved under config."}, {"deprecation": "PropertyMovedToConfigDeprecation", "log": "Table 'table1' - Field 'tags' moved under config."}, {"deprecation": "PropertyMovedToConfigDeprecation", "log": "Table 'table1' - Field 'freshness' moved under config."}, {"deprecation": "CustomKeyInObjectDeprecation", "log": "Table 'table1' - Moved all the meta fields under config.meta and merged with existing config.meta."}, {"deprecation": "CustomKeyInObjectDeprecation", "log": "Column 'col1' - Moved all the meta fields under config.meta and merged with existing config.meta."}, {"deprecation": "CustomKeyInObjectDeprecation", "log": "Test 'unique' - Field 'where' moved under config."}]}
{"mode": "applied", "file_path": "/var/folders/yj/7kyhyl8s3ql8bb1vjwkh_8pr0000gp/T/dbt_autofix_test_project1_jeqssi9p/project1/dbt_project.yml", "refactors": [{"deprecation": "ConfigTargetPathDeprecation", "log": "Removed the deprecated field 'target-path'"}, {"deprecation": "MissingPlusPrefixDeprecation", "log": "Added '+' in front of the nested config 'materialized'"}]}
{"mode": "complete"}
