{
    "meta": {
        "name": "2-layers",
        "creation_date": "<DATE_IGNORED>",
        "last_modification_date": null,
        "owner": null
    },
    "structural_frame": {
        "structural_groups": [
            {
                "name": "default",
                "elements": [
                    {
                        "name": "surface1",
                        "is_active": true,
                        "_color": "#015482",
                        "surface_points": {
                            "name_id_map": {
                                "surface1": 57292991
                            },
                            "_model_transform": null
                        },
                        "orientations": {
                            "name_id_map": {
                                "surface1": 57292991
                            },
                            "_model_transform": null
                        },
                        "scalar_field_at_interface": 0.09000000000000002,
                        "_id": -1
                    },
                    {
                        "name": "surface2",
                        "is_active": true,
                        "_color": "#9f0052",
                        "surface_points": {
                            "name_id_map": {
                                "surface2": 21816406
                            },
                            "_model_transform": null
                        },
                        "orientations": {
                            "name_id_map": null,
                            "_model_transform": null
                        },
                        "scalar_field_at_interface": -0.2483333333333333,
                        "_id": -1
                    }
                ],
                "structural_relation": 1,
                "fault_relations": null,
                "faults_input_data": null,
                "solution": null
            }
        ],
        "color_generator": {
            "_index": 3
        },
        "basement_color": "#ffbe00",
        "is_dirty": true,
        "binary_meta_data": {
            "sp_binary_length": 144,
            "ori_binary_length": 60
        }
    },
    "grid": {
        "_octree_grid": null,
        "_dense_grid": {
            "resolution": [
                500,
                1,
                500
            ],
            "extent": [
                0.0,
                12.0,
                -2.0,
                2.0,
                0.0,
                4.0
            ],
            "_transform": null
        },
        "_custom_grid": null,
        "_topography": null,
        "_sections": null,
        "_centered_grid": {
            "centers": [
                [
                    6.0,
                    0.0,
                    4.0
                ]
            ],
            "resolution": [
                10.0,
                10.0,
                100.0
            ],
            "radius": [
                16000.0,
                16000.0,
                16000.0
            ]
        },
        "_transform": null,
        "_octree_levels": -1,
        "binary_meta_data": {
            "custom_grid_binary_length": 0,
            "topography_binary_length": 0
        },
        "active_grids": 1058
    },
    "geophysics_input": {
        "tz": [],
        "densities": [
            2.6,
            2.4,
            3.2
        ]
    },
    "input_transform": {
        "position": [
            -6.0,
            -0.0,
            -2.51
        ],
        "rotation": [
            0.0,
            0.0,
            0.0
        ],
        "scale": [
            0.08333333333333333,
            0.16778523489932887,
            0.08333333333333333
        ],
        "_is_default_transform": false,
        "_cached_pivot": null
    },
    "_interpolation_options": {
        "kernel_options": {
            "range": 1.7,
            "c_o": 10.0,
            "uni_degree": 1,
            "i_res": 4.0,
            "gi_res": 2.0,
            "number_dimensions": 3,
            "kernel_function": "cubic",
            "kernel_solver": 1,
            "compute_condition_number": false,
            "optimizing_condition_number": false,
            "condition_number": null
        },
        "evaluation_options": {
            "_number_octree_levels": 1,
            "_number_octree_levels_surface": 4,
            "octree_curvature_threshold": -1.0,
            "octree_error_threshold": 1.0,
            "octree_min_level": 2,
            "mesh_extraction": true,
            "mesh_extraction_masking_options": 3,
            "mesh_extraction_fancy": true,
            "evaluation_chunk_size": 500000,
            "compute_scalar_gradient": false,
            "verbose": false
        },
        "debug": true,
        "cache_mode": 3,
        "cache_model_name": "2-layers",
        "block_solutions_type": 2,
        "sigmoid_slope": 5000000,
        "debug_water_tight": false
    }
}
