"{\"id\":1,\"creator_id\":1,\"person_ids\":[1],\"associated_person_ids\":[1],\"interaction_person_ids\":[1],\"interaction_id\":1,\"interaction_type\":3,\"is_meeting\":true,\"mentioned_person_ids\":[1],\"organization_ids\":[1],\"opportunity_ids\":[1],\"parent_id\":null,\"content\":\"Hello, World!\",\"type\":0,\"created_at\":\"2020-01-01T12:34:56\",\"updated_at\":null}"
